// Jest Snapshot v1, https://goo.gl/fbAQLP

exports[`Snapshot test should Favourites render, when arr is empty 1`] = `
<DocumentFragment>
  <div
    class="MuiBox-root css-79elbk"
  >
    <div
      class="MuiContainer-root MuiContainer-maxWidthLg css-1oqqzyl-MuiContainer-root"
    >
      <div
        class="MuiStack-root css-1idwvdq-MuiStack-root"
      >
        <h2
          class="MuiTypography-root MuiTypography-h2 css-1ni6hz-MuiTypography-root"
        >
          Oops! your wishlist is empty
        </h2>
        <h3
          class="MuiTypography-root MuiTypography-h3 css-rw3qn6-MuiTypography-root"
        >
          Fill it with dishes
        </h3>
        <button
          class="MuiButtonBase-root MuiButton-root MuiButton-contained MuiButton-containedPrimary MuiButton-sizeMedium MuiButton-containedSizeMedium MuiButton-root MuiButton-contained MuiButton-containedPrimary MuiButton-sizeMedium MuiButton-containedSizeMedium css-9vr5c8-MuiButtonBase-root-MuiButton-root"
          tabindex="0"
          type="button"
        >
          Back to menu
          <span
            class="MuiTouchRipple-root css-8je8zh-MuiTouchRipple-root"
          />
        </button>
      </div>
    </div>
  </div>
</DocumentFragment>
`;
