// Jest Snapshot v1, https://goo.gl/fbAQLP

exports[`smoke test should Chip render 1`] = `
<DocumentFragment>
  <div
    class="MuiBox-root css-1ma6dsf"
  >
    <div
      class="MuiChip-root MuiChip-filled MuiChip-sizeMedium MuiChip-colorDefault MuiChip-filledDefault css-bqy36f-MuiChip-root"
    >
      <span
        class="MuiChip-label MuiChip-labelMedium css-6od3lo-MuiChip-label"
      >
        Healthy
      </span>
    </div>
    <div
      class="MuiChip-root MuiChip-filled MuiChip-sizeMedium MuiChip-colorDefault MuiChip-filledDefault css-17hug3x-MuiChip-root"
    >
      <span
        class="MuiChip-label MuiChip-labelMedium css-6od3lo-MuiChip-label"
      >
        Trending
      </span>
    </div>
    <div
      class="MuiChip-root MuiChip-filled MuiChip-sizeMedium MuiChip-colorDefault MuiChip-filledDefault css-3c6rrk-MuiChip-root"
    >
      <span
        class="MuiChip-label MuiChip-labelMedium css-6od3lo-MuiChip-label"
      >
        Supreme
      </span>
    </div>
  </div>
</DocumentFragment>
`;
