// Jest Snapshot v1, https://goo.gl/fbAQLP

exports[`Snapshot test should Sorter render 1`] = `
<DocumentFragment>
  <div
    class="MuiBox-root css-fp9msj"
  >
    <div
      class="MuiFormControl-root MuiTextField-root css-1qi1fkt-MuiFormControl-root-MuiTextField-root"
    >
      <label
        class="MuiFormLabel-root MuiInputLabel-root MuiInputLabel-formControl MuiInputLabel-animated MuiInputLabel-shrink MuiInputLabel-sizeSmall MuiInputLabel-standard MuiFormLabel-colorPrimary MuiFormLabel-filled MuiInputLabel-root MuiInputLabel-formControl MuiInputLabel-animated MuiInputLabel-shrink MuiInputLabel-sizeSmall MuiInputLabel-standard css-1c2i806-MuiFormLabel-root-MuiInputLabel-root"
        data-shrink="true"
        for="standard-select-currency"
        id="standard-select-currency-label"
      >
        Sort by
      </label>
      <div
        class="MuiInputBase-root MuiInput-root MuiInput-underline MuiInputBase-colorPrimary MuiInputBase-formControl MuiInputBase-sizeSmall css-v4u5dn-MuiInputBase-root-MuiInput-root"
      >
        <div
          aria-expanded="false"
          aria-haspopup="listbox"
          aria-labelledby="standard-select-currency-label standard-select-currency"
          class="MuiSelect-select MuiSelect-standard MuiInputBase-input MuiInput-input MuiInputBase-inputSizeSmall css-jd1zyo-MuiSelect-select-MuiInputBase-input-MuiInput-input"
          id="standard-select-currency"
          role="button"
          tabindex="0"
        >
          Default
        </div>
        <input
          aria-hidden="true"
          aria-invalid="false"
          class="MuiSelect-nativeInput css-yf8vq0-MuiSelect-nativeInput"
          tabindex="-1"
          value="Default"
        />
        <svg
          aria-hidden="true"
          class="MuiSvgIcon-root MuiSvgIcon-fontSizeMedium MuiSelect-icon MuiSelect-iconStandard css-pqjvzy-MuiSvgIcon-root-MuiSelect-icon"
          data-testid="ArrowDropDownIcon"
          focusable="false"
          viewBox="0 0 24 24"
        >
          <path
            d="M7 10l5 5 5-5z"
          />
        </svg>
      </div>
    </div>
  </div>
</DocumentFragment>
`;
