// Jest Snapshot v1, https://goo.gl/fbAQLP

exports[`NotFound Pages should NotFound Pages 1`] = `
<DocumentFragment>
  <div
    class="MuiContainer-root MuiContainer-maxWidthLg css-14ftzfr-MuiContainer-root"
  >
    <div
      class="MuiBox-root css-kr4k96"
    >
      <div
        class="MuiBox-root css-1nq4wyu"
      >
        <svg
          fill="none"
          height="118"
          viewBox="0 0 117 118"
          width="117"
          xmlns="http://www.w3.org/2000/svg"
        >
          <path
            d="M57.9545 94.9949C47.2252 85.339 38.8069 73.1896 38.0046 58.5059C37.2806 45.2521 44.3231 35.2379 58.4214 41.1439C65.0953 43.9396 71.4587 51.6393 70.3128 59.0609C69.0362 67.3292 58.5027 63.3819 54.5536 59.1501C45.3299 49.2665 43.4373 32.8851 52.6569 22.5675C63.5751 10.3491 74.9329 24.3724 74.8255 24.4077"
            stroke="#6C5FBC"
            stroke-linecap="round"
            stroke-linejoin="round"
            stroke-miterlimit="1.5"
            stroke-width="2.09329"
          />
          <path
            d="M42.5719 95.8242C43.8782 95.0961 45.3767 95.0149 46.8626 94.8559C51.7416 94.3332 57.2693 95.3597 61.4869 98.4709C58.0966 93.8961 55.1476 86.9063 57.1738 81.6141"
            stroke="#6C5FBC"
            stroke-linecap="round"
            stroke-linejoin="round"
            stroke-miterlimit="1.5"
            stroke-width="2.09329"
          />
        </svg>
      </div>
      <h4
        class="MuiTypography-root MuiTypography-h4 css-1b4ci2b-MuiTypography-root"
      >
        404
      </h4>
      <div
        class="MuiBox-root css-1f3n5sq"
      >
        <svg
          fill="none"
          height="118"
          viewBox="0 0 117 118"
          width="117"
          xmlns="http://www.w3.org/2000/svg"
        >
          <path
            d="M57.9545 94.9949C47.2252 85.339 38.8069 73.1896 38.0046 58.5059C37.2806 45.2521 44.3231 35.2379 58.4214 41.1439C65.0953 43.9396 71.4587 51.6393 70.3128 59.0609C69.0362 67.3292 58.5027 63.3819 54.5536 59.1501C45.3299 49.2665 43.4373 32.8851 52.6569 22.5675C63.5751 10.3491 74.9329 24.3724 74.8255 24.4077"
            stroke="#6C5FBC"
            stroke-linecap="round"
            stroke-linejoin="round"
            stroke-miterlimit="1.5"
            stroke-width="2.09329"
          />
          <path
            d="M42.5719 95.8242C43.8782 95.0961 45.3767 95.0149 46.8626 94.8559C51.7416 94.3332 57.2693 95.3597 61.4869 98.4709C58.0966 93.8961 55.1476 86.9063 57.1738 81.6141"
            stroke="#6C5FBC"
            stroke-linecap="round"
            stroke-linejoin="round"
            stroke-miterlimit="1.5"
            stroke-width="2.09329"
          />
        </svg>
      </div>
    </div>
    <p
      class="MuiTypography-root MuiTypography-body1 css-nvgiei-MuiTypography-root"
    >
      Oops, something went wrong!
      <br />
      The page you're looking for doesn't exist.
    </p>
    <a
      class="MuiButtonBase-root MuiButton-root MuiButton-text MuiButton-textPrimary MuiButton-sizeMedium MuiButton-textSizeMedium MuiButton-root MuiButton-text MuiButton-textPrimary MuiButton-sizeMedium MuiButton-textSizeMedium css-1iwedua-MuiButtonBase-root-MuiButton-root"
      href="/"
      tabindex="0"
    >
      Go To Home Page
      <span
        class="MuiTouchRipple-root css-8je8zh-MuiTouchRipple-root"
      />
    </a>
  </div>
</DocumentFragment>
`;
